// Jest Snapshot v1, https://goo.gl/fbAQLP

exports[`should fetch a channels member connection 1`] = `
Object {
  "data": Object {
    "channel": Object {
      "id": "ce2b4488-4c75-47e0-8ebc-2539c1e6a192",
      "memberConnection": Object {
        "edges": Array [
          Object {
            "cursor": "Z1ZrNW1Zd2NjVU9FS2lONXZ0T291cXJvR0tvMS0x",
            "node": Object {
              "contextPermissions": null,
              "id": "gVk5mYwccUOEKiN5vtOouqroGKo1",
              "name": "Max Stoiber",
            },
          },
          Object {
            "cursor": "MDFwMkE3a0RDV1VqR2o2elFMbE1RVU9TUUw0Mi0y",
            "node": Object {
              "contextPermissions": null,
              "id": "01p2A7kDCWUjGj6zQLlMQUOSQL42",
              "name": "Brian Lovin",
            },
          },
          Object {
            "cursor": "VlRvS2NkZTE2ZFJFZ0RrWGNEbDNoaGNyRk4zMy0z",
            "node": Object {
              "contextPermissions": null,
              "id": "VToKcde16dREgDkXcDl3hhcrFN33",
              "name": "Bryn Jackson",
            },
          },
        ],
        "pageInfo": Object {
          "hasNextPage": false,
          "hasPreviousPage": null,
        },
      },
    },
  },
}
`;
