// Jest Snapshot v1, https://goo.gl/fbAQLP

exports[`messageConnection should fetch a directMessageThreads messages 1`] = `
Object {
  "data": Object {
    "directMessageThread": Object {
      "messageConnection": Object {
        "edges": Array [
          Object {
            "node": Object {
              "id": "9",
            },
          },
          Object {
            "node": Object {
              "id": "8",
            },
          },
          Object {
            "node": Object {
              "id": "7",
            },
          },
          Object {
            "node": Object {
              "id": "6",
            },
          },
          Object {
            "node": Object {
              "id": "5",
            },
          },
        ],
      },
    },
  },
}
`;

exports[`should fetch a directMessageThread 1`] = `
Object {
  "data": Object {
    "directMessageThread": Object {
      "id": "dm-1",
      "threadLastActive": "2016-12-31T23:00:00.000Z",
    },
  },
}
`;
