// Jest Snapshot v1, https://goo.gl/fbAQLP

exports[`messageConnection should fetch a directMessageThreads messages 1`] = `
Object {
  "data": Object {
    "directMessageThread": Object {
      "messageConnection": Object {
        "edges": Array [
          Object {
            "node": Object {
              "id": "9356f7f1-4be0-4230-8f79-71a9f97f7a1f",
            },
          },
          Object {
            "node": Object {
              "id": "77e9619d-bea2-443a-bb9c-4b2957980644",
            },
          },
          Object {
            "node": Object {
              "id": "965830bb-e79d-4cec-acfa-91f67b590865",
            },
          },
          Object {
            "node": Object {
              "id": "2017f510-fe85-4de2-b5b2-6324567a6871",
            },
          },
          Object {
            "node": Object {
              "id": "b546f27e-d842-4afe-900d-ad26ee60ca03",
            },
          },
        ],
      },
    },
  },
}
`;

exports[`should fetch a directMessageThread 1`] = `
Object {
  "data": Object {
    "directMessageThread": Object {
      "id": "first-dm-thread-asdf123",
      "threadLastActive": "2016-12-31T23:00:00.000Z",
    },
  },
}
`;
