// Jest Snapshot v1, https://goo.gl/fbAQLP

exports[`should fetch a message 1`] = `
Object {
  "data": Object {
    "message": Object {
      "content": Object {
        "body": "{\\"blocks\\":[{\\"key\\":\\"g0ec\\",\\"text\\":\\"This is the first message!\\",\\"type\\":\\"unstyled\\",\\"depth\\":0,\\"inlineStyleRanges\\":[],\\"entityRanges\\":[],\\"data\\":{}}],\\"entityMap\\":{}}",
      },
      "id": "0063e9e6-8960-4dd4-96ab-f18bca4cf75f",
      "messageType": "draftjs",
      "timestamp": "2016-12-31T23:00:00.000Z",
    },
  },
}
`;
